config={}
config["input_namespace"]="None"
config["output_namespace"]="sleep1input_test"
config["sleep1input_test"]={}
config["sleep1input_test"]["config"]={}
config["sleep1input_test"]["config"]["input_filename"]="mark"
config["sleep1input_test"]["config"]["input_namespace"]="source_test"
config["sleep1input_test"]["config"]["output_filename"]="mark"
config["sleep1input_test"]["config"]["output_namespace"]="sleep1input_test"
config["sleep1input_test"]["config"]["sleeptime"]="1"
config["sleep1input_test"]["name"]="sleep1input_test"
config["sleep1input_test"]["snakefile"]="builder/tests/workflow_import_test/modules/sleep1input/workflow/Snakefile"
config["sleep1input_test"]["type"]="module"
config["source_test"]={}
config["source_test"]["config"]={}
config["source_test"]["config"]["input_namespace"]="None"
config["source_test"]["config"]["output_filename"]="mark"
config["source_test"]["config"]["output_namespace"]="source_test"
config["source_test"]["name"]="source_test"
config["source_test"]["snakefile"]="builder/tests/workflow_import_test/modules/source/workflow/Snakefile"
config["source_test"]["type"]="module"

module source_test:
    snakefile:
        config["source_test"]["snakefile"]
    config:
        config["source_test"]["config"]
use rule * from source_test as source_test_*

module sleep1input_test:
    snakefile:
        config["sleep1input_test"]["snakefile"]
    config:
        config["sleep1input_test"]["config"]
use rule * from sleep1input_test as sleep1input_test_*
