config={}
config["input_namespace"]={}
config["input_namespace"]["$sleep1input_test1"]="in"
config["output_namespace"]="sleep1input_test2"
config["sleep1input_test1"]={}
config["sleep1input_test1"]["config"]={}
config["sleep1input_test1"]["config"]["input_filename"]="mark"
config["sleep1input_test1"]["config"]["input_namespace"]="in"
config["sleep1input_test1"]["config"]["output_filename"]="mark"
config["sleep1input_test1"]["config"]["output_namespace"]="sleep1input_test1"
config["sleep1input_test1"]["config"]["sleeptime"]="None"
config["sleep1input_test1"]["name"]="sleep1input_test1"
config["sleep1input_test1"]["snakefile"]="builder/tests/workflow_import_test/modules/sleep1input/workflow/Snakefile"
config["sleep1input_test1"]["type"]="module"
config["sleep1input_test2"]={}
config["sleep1input_test2"]["config"]={}
config["sleep1input_test2"]["config"]["input_filename"]="mark"
config["sleep1input_test2"]["config"]["input_namespace"]="sleep1input_test1"
config["sleep1input_test2"]["config"]["output_filename"]="mark"
config["sleep1input_test2"]["config"]["output_namespace"]="sleep1input_test2"
config["sleep1input_test2"]["config"]["sleeptime"]="None"
config["sleep1input_test2"]["name"]="sleep1input_test2"
config["sleep1input_test2"]["snakefile"]="builder/tests/workflow_import_test/modules/sleep1input/workflow/Snakefile"
config["sleep1input_test2"]["type"]="module"

module sleep1input_test1:
    snakefile:
        config["sleep1input_test1"]["snakefile"]
    config:
        config["sleep1input_test1"]["config"]
use rule * from sleep1input_test1 as sleep1input_test1_*

module sleep1input_test2:
    snakefile:
        config["sleep1input_test2"]["snakefile"]
    config:
        config["sleep1input_test2"]["config"]
use rule * from sleep1input_test2 as sleep1input_test2_*
